../Core/Src/main.c:59:5:_write	24	static
../Core/Src/main.c:114:8:set_lights	24	static
../Core/Src/main.c:84:5:main	16	static
../Core/Src/main.c:185:6:SystemClock_Config	88	static
../Core/Src/main.c:233:13:MX_TIM2_Init	32	static
../Core/Src/main.c:278:13:MX_USART2_UART_Init	8	static
../Core/Src/main.c:311:13:MX_GPIO_Init	48	static
../Core/Src/main.c:346:7:HAL_TIM_PeriodElapsedCallback	16	static
../Core/Src/main.c:354:7:HAL_GPIO_EXTI_Callback	24	static
../Core/Src/main.c:371:6:Error_Handler	4	static,ignoring_inline_asm
